// Jest Snapshot v1, https://goo.gl/fbAQLP

exports[`<ProductDetail /> Should render snapshot 1`] = `
<WrapperComponent
  config={
    Object {
      "redux": undefined,
      "theme": true,
    }
  }
>
  <Component
    theme={
      Object {
        "borderRadius": Object {
          "button": "100px",
          "large": "18px",
          "medium": "8px",
          "none": "unset",
          "small": "3px",
          "total": "50%",
        },
        "boxShadows": Object {
          "main": "1px 2px 4px 0 rgba(21,99,157,.16)",
          "secondary": "0 0 0 1px #0791e6",
        },
        "breakpoints": Object {
          "desktop": "@media only screen and (min-width: 1280px)",
          "laptop": "@media only screen and (min-width: 1024px)",
          "mobile": "@media only screen and (min-width: 320px)",
          "screen": "@media only screen and (min-width: 1920px)",
          "smallMobile": "@media only screen and (min-width: 0px)",
          "tablet": "@media only screen and (min-width: 640px)",
        },
        "colors": Object {
          "bg": Object {
            "primary": "linear-gradient(90deg,#1c3643,#273b47 25%,#1e5372)",
            "quaternary": "#F3F8FB",
            "secondary": "white",
            "tertiary": "#0791e6",
          },
          "border": Object {
            "primary": "#A8B1C0",
            "secondary": "white",
          },
          "font": Object {
            "primary": "#131D30",
            "quaternary": "#A8B1C0",
            "secondary": "#98ca3f",
            "tertiary": "white",
          },
          "separator": Object {
            "primary": "#A8B1C0",
            "secondary": "#0791e6",
          },
        },
        "containerWidth": Object {
          "desktop": Object {
            "maxWidth": "85%",
            "width": "85%",
          },
          "fluid": Object {
            "maxWidth": "100%",
            "width": "100%",
          },
          "limitFluid": Object {
            "maxWidth": "1920px",
            "width": "100%",
          },
          "mobile": Object {
            "maxWidth": "92%",
            "width": "92%",
          },
          "screen": Object {
            "maxWidth": "75%",
            "width": "75%",
          },
          "smallMobile": Object {
            "maxWidth": "92%",
            "width": "92%",
          },
          "tablet": Object {
            "maxWidth": "85%",
            "width": "85%",
          },
        },
        "font": Object {
          "family": Object {
            "primary": "'Lato', sans-serif",
          },
          "letterSpacing": Object {
            "medium": "0.5rem",
            "normal": "0rem",
          },
          "lineHeight": Object {
            "medium": "0.6rem",
            "normal": "normal",
          },
          "size": Object {
            "h1": "3.75rem",
            "h2": "3rem",
            "h3": "2.5rem",
            "h4": "2.25rem",
            "h5": "1.625rem",
            "h6": "1.5rem",
            "help": "0.625em",
            "paragraph1": "1.125rem",
            "paragraph2": "1rem",
            "paragraph3": "0.875rem",
            "paragraph4": "0.75rem",
            "small": "0.5rem",
            "subtitle1": "1.1375rem",
            "subtitle2": "1.25rem",
            "subtitle3": "1.375rem",
          },
        },
        "name": "LIGHT",
        "transitions": Object {
          "button": "background-color 0.4s ease, color 0.4s ease, border-color 0.4s ease",
        },
        "utils": Object {
          "spacing": [Function],
        },
        "zIndex": Object {
          "backward": -1,
          "fixed": 2,
          "forward": 1,
          "higher": 3,
          "initial": 0,
          "super": 100,
        },
      }
    }
  >
    <ProductDetail
      category="category"
      description="description"
      images={
        Array [
          Object {
            "alt": "Isotype",
            "src": "/icons/isotype.png",
          },
          Object {
            "alt": "Isotype",
            "src": "/icons/isotype.png",
          },
        ]
      }
      name="name"
      onBack={[Function]}
      price={150}
    >
      <Container>
        <Containerstyled>
          <div
            className="Containerstyled-qmu1bg-0 fwZIDA"
          >
            <Row>
              <Rowstyled>
                <div
                  className="Rowstyled-sc-76dq7o-0 kjMbCD"
                >
                  <Col
                    smallMobile="100%"
                    tablet="50%"
                  >
                    <Colstyled
                      smallMobile="100%"
                      tablet="50%"
                    >
                      <div
                        className="Colstyled-k6pt3-0 dePlOp"
                      >
                        <ProductDetailImages
                          data-testid="product-detail__images"
                          images={
                            Array [
                              Object {
                                "alt": "Isotype",
                                "src": "/icons/isotype.png",
                              },
                              Object {
                                "alt": "Isotype",
                                "src": "/icons/isotype.png",
                              },
                            ]
                          }
                        >
                          <Slider
                            autoplay={true}
                            autoplaySpeed={3000}
                            data-testid="product-detail__images"
                            dots={true}
                            fade={true}
                            infinite={true}
                            lazyLoad={true}
                            pauseOnHover={true}
                            slidesToScroll={1}
                            slidesToShow={1}
                            speed={1000}
                          >
                            <Sliderstyled__StyledContainer>
                              <div
                                className="Sliderstyled__StyledContainer-sc-1d9pqbc-0 dGMmUB"
                              >
                                <Component
                                  appendDots={[Function]}
                                  autoplay={true}
                                  autoplaySpeed={3000}
                                  data-testid="product-detail__images"
                                  dots={true}
                                  fade={true}
                                  infinite={true}
                                  lazyLoad={true}
                                  nextArrow={<Sliderstyled__StyledNextArrow />}
                                  pauseOnHover={true}
                                  prevArrow={<Sliderstyled__StyledPrevArrow />}
                                  slidesToScroll={1}
                                  slidesToShow={1}
                                  speed={1000}
                                >
                                  <div
                                    appendDots={[Function]}
                                    autoplay={true}
                                    autoplaySpeed={3000}
                                    data-testid="product-detail__images"
                                    dots={true}
                                    fade={true}
                                    infinite={true}
                                    lazyLoad={true}
                                    nextArrow={<Sliderstyled__StyledNextArrow />}
                                    pauseOnHover={true}
                                    prevArrow={<Sliderstyled__StyledPrevArrow />}
                                    slidesToScroll={1}
                                    slidesToShow={1}
                                    speed={1000}
                                  >
                                    <Slide
                                      key="image-slide-0"
                                    >
                                      <ProductDetailImage
                                        alt="Isotype"
                                        src="/icons/isotype.png"
                                      >
                                        <ProductDetailImagestyled>
                                          <div
                                            className="ProductDetailImagestyled-qsmc9q-0 jUkCNe"
                                          >
                                            <Image
                                              alt="Isotype"
                                              layout="fill"
                                              loading="eager"
                                              objectFit="cover"
                                              priority={true}
                                              quality={100}
                                              src="/icons/isotype.png"
                                            >
                                              <div
                                                style={
                                                  Object {
                                                    "bottom": 0,
                                                    "boxSizing": "border-box",
                                                    "display": "block",
                                                    "left": 0,
                                                    "margin": 0,
                                                    "overflow": "hidden",
                                                    "position": "absolute",
                                                    "right": 0,
                                                    "top": 0,
                                                  }
                                                }
                                              >
                                                <img
                                                  alt="Isotype"
                                                  decoding="async"
                                                  sizes="(max-width: 640px) 640px, (max-width: 750px) 750px, (max-width: 828px) 828px, (max-width: 1080px) 1080px, (max-width: 1200px) 1200px, (max-width: 1920px) 1920px, (max-width: 2048px) 2048px, 3840px"
                                                  src="/_next/image?url=%2Ficons%2Fisotype.png&w=3840&q=100"
                                                  srcSet="/_next/image?url=%2Ficons%2Fisotype.png&w=640&q=100 640w, /_next/image?url=%2Ficons%2Fisotype.png&w=750&q=100 750w, /_next/image?url=%2Ficons%2Fisotype.png&w=828&q=100 828w, /_next/image?url=%2Ficons%2Fisotype.png&w=1080&q=100 1080w, /_next/image?url=%2Ficons%2Fisotype.png&w=1200&q=100 1200w, /_next/image?url=%2Ficons%2Fisotype.png&w=1920&q=100 1920w, /_next/image?url=%2Ficons%2Fisotype.png&w=2048&q=100 2048w, /_next/image?url=%2Ficons%2Fisotype.png&w=3840&q=100 3840w"
                                                  style={
                                                    Object {
                                                      "border": "none",
                                                      "bottom": 0,
                                                      "boxSizing": "border-box",
                                                      "display": "block",
                                                      "height": 0,
                                                      "left": 0,
                                                      "margin": "auto",
                                                      "maxHeight": "100%",
                                                      "maxWidth": "100%",
                                                      "minHeight": "100%",
                                                      "minWidth": "100%",
                                                      "objectFit": "cover",
                                                      "objectPosition": undefined,
                                                      "padding": 0,
                                                      "position": "absolute",
                                                      "right": 0,
                                                      "top": 0,
                                                      "visibility": "visible",
                                                      "width": 0,
                                                    }
                                                  }
                                                />
                                              </div>
                                            </Image>
                                          </div>
                                        </ProductDetailImagestyled>
                                      </ProductDetailImage>
                                    </Slide>
                                    <Slide
                                      key="image-slide-1"
                                    >
                                      <ProductDetailImage
                                        alt="Isotype"
                                        src="/icons/isotype.png"
                                      >
                                        <ProductDetailImagestyled>
                                          <div
                                            className="ProductDetailImagestyled-qsmc9q-0 jUkCNe"
                                          >
                                            <Image
                                              alt="Isotype"
                                              layout="fill"
                                              loading="eager"
                                              objectFit="cover"
                                              priority={true}
                                              quality={100}
                                              src="/icons/isotype.png"
                                            >
                                              <div
                                                style={
                                                  Object {
                                                    "bottom": 0,
                                                    "boxSizing": "border-box",
                                                    "display": "block",
                                                    "left": 0,
                                                    "margin": 0,
                                                    "overflow": "hidden",
                                                    "position": "absolute",
                                                    "right": 0,
                                                    "top": 0,
                                                  }
                                                }
                                              >
                                                <img
                                                  alt="Isotype"
                                                  decoding="async"
                                                  sizes="(max-width: 640px) 640px, (max-width: 750px) 750px, (max-width: 828px) 828px, (max-width: 1080px) 1080px, (max-width: 1200px) 1200px, (max-width: 1920px) 1920px, (max-width: 2048px) 2048px, 3840px"
                                                  src="/_next/image?url=%2Ficons%2Fisotype.png&w=3840&q=100"
                                                  srcSet="/_next/image?url=%2Ficons%2Fisotype.png&w=640&q=100 640w, /_next/image?url=%2Ficons%2Fisotype.png&w=750&q=100 750w, /_next/image?url=%2Ficons%2Fisotype.png&w=828&q=100 828w, /_next/image?url=%2Ficons%2Fisotype.png&w=1080&q=100 1080w, /_next/image?url=%2Ficons%2Fisotype.png&w=1200&q=100 1200w, /_next/image?url=%2Ficons%2Fisotype.png&w=1920&q=100 1920w, /_next/image?url=%2Ficons%2Fisotype.png&w=2048&q=100 2048w, /_next/image?url=%2Ficons%2Fisotype.png&w=3840&q=100 3840w"
                                                  style={
                                                    Object {
                                                      "border": "none",
                                                      "bottom": 0,
                                                      "boxSizing": "border-box",
                                                      "display": "block",
                                                      "height": 0,
                                                      "left": 0,
                                                      "margin": "auto",
                                                      "maxHeight": "100%",
                                                      "maxWidth": "100%",
                                                      "minHeight": "100%",
                                                      "minWidth": "100%",
                                                      "objectFit": "cover",
                                                      "objectPosition": undefined,
                                                      "padding": 0,
                                                      "position": "absolute",
                                                      "right": 0,
                                                      "top": 0,
                                                      "visibility": "visible",
                                                      "width": 0,
                                                    }
                                                  }
                                                />
                                              </div>
                                            </Image>
                                          </div>
                                        </ProductDetailImagestyled>
                                      </ProductDetailImage>
                                    </Slide>
                                  </div>
                                </Component>
                              </div>
                            </Sliderstyled__StyledContainer>
                          </Slider>
                        </ProductDetailImages>
                      </div>
                    </Colstyled>
                  </Col>
                  <Col
                    smallMobile="100%"
                    tablet="50%"
                  >
                    <Colstyled
                      smallMobile="100%"
                      tablet="50%"
                    >
                      <div
                        className="Colstyled-k6pt3-0 dePlOp"
                      >
                        <ProductDetailstyled>
                          <div
                            className="ProductDetailstyled-sc-9inifs-0 jGytkp"
                          >
                            <Typography
                              as="p"
                              className="product-detail__category-name"
                              color="quaternary"
                              data-testid="product-detail__category-name"
                              fontFamily="primary"
                              fontStyle="normal"
                              fontWeight={400}
                              letterSpacing="normal"
                              lineHeight="normal"
                              textDecoration="none"
                              textTransform="none"
                              type="paragraph4"
                            >
                              <Typographystyled
                                as="p"
                                className="product-detail__category-name"
                                color="quaternary"
                                data-testid="product-detail__category-name"
                                fontFamily="primary"
                                fontStyle="normal"
                                fontWeight={400}
                                letterSpacing="normal"
                                lineHeight="normal"
                                textDecoration="none"
                                textTransform="none"
                                type="paragraph4"
                              >
                                <p
                                  className="Typographystyled-sc-1pbtdtz-0 hxSQkE product-detail__category-name"
                                  color="quaternary"
                                  data-testid="product-detail__category-name"
                                  fontFamily="primary"
                                  fontStyle="normal"
                                  fontWeight={400}
                                  letterSpacing="normal"
                                  textDecoration="none"
                                  type="paragraph4"
                                />
                              </Typographystyled>
                            </Typography>
                            <Typography
                              as="h2"
                              className="product-detail__name"
                              color="secondary"
                              data-testid="product-detail__name"
                              fontFamily="primary"
                              fontStyle="normal"
                              fontWeight="bold"
                              letterSpacing="normal"
                              lineHeight="normal"
                              textDecoration="none"
                              textTransform="none"
                              type="subtitle1"
                            >
                              <Typographystyled
                                as="h2"
                                className="product-detail__name"
                                color="secondary"
                                data-testid="product-detail__name"
                                fontFamily="primary"
                                fontStyle="normal"
                                fontWeight="bold"
                                letterSpacing="normal"
                                lineHeight="normal"
                                textDecoration="none"
                                textTransform="none"
                                type="subtitle1"
                              >
                                <h2
                                  className="Typographystyled-sc-1pbtdtz-0 Falna product-detail__name"
                                  color="secondary"
                                  data-testid="product-detail__name"
                                  fontFamily="primary"
                                  fontStyle="normal"
                                  fontWeight="bold"
                                  letterSpacing="normal"
                                  textDecoration="none"
                                  type="subtitle1"
                                >
                                  name
                                </h2>
                              </Typographystyled>
                            </Typography>
                            <Typography
                              as="p"
                              className="product-detail__price"
                              color="primary"
                              data-testid="product-detail__price"
                              fontFamily="primary"
                              fontStyle="normal"
                              fontWeight="bold"
                              letterSpacing="normal"
                              lineHeight="normal"
                              textDecoration="none"
                              textTransform="none"
                              type="paragraph3"
                            >
                              <Typographystyled
                                as="p"
                                className="product-detail__price"
                                color="primary"
                                data-testid="product-detail__price"
                                fontFamily="primary"
                                fontStyle="normal"
                                fontWeight="bold"
                                letterSpacing="normal"
                                lineHeight="normal"
                                textDecoration="none"
                                textTransform="none"
                                type="paragraph3"
                              >
                                <p
                                  className="Typographystyled-sc-1pbtdtz-0 ecdERZ product-detail__price"
                                  color="primary"
                                  data-testid="product-detail__price"
                                  fontFamily="primary"
                                  fontStyle="normal"
                                  fontWeight="bold"
                                  letterSpacing="normal"
                                  textDecoration="none"
                                  type="paragraph3"
                                >
                                  $ 150
                                </p>
                              </Typographystyled>
                            </Typography>
                            <Typography
                              as="p"
                              className="product-detail__description"
                              color="primary"
                              data-testid="product-detail__description"
                              fontFamily="primary"
                              fontStyle="normal"
                              fontWeight="normal"
                              letterSpacing="normal"
                              lineHeight="normal"
                              textDecoration="none"
                              textTransform="none"
                              type="paragraph1"
                            >
                              <Typographystyled
                                as="p"
                                className="product-detail__description"
                                color="primary"
                                data-testid="product-detail__description"
                                fontFamily="primary"
                                fontStyle="normal"
                                fontWeight="normal"
                                letterSpacing="normal"
                                lineHeight="normal"
                                textDecoration="none"
                                textTransform="none"
                                type="paragraph1"
                              >
                                <p
                                  className="Typographystyled-sc-1pbtdtz-0 bzcDUm product-detail__description"
                                  color="primary"
                                  data-testid="product-detail__description"
                                  fontFamily="primary"
                                  fontStyle="normal"
                                  fontWeight="normal"
                                  letterSpacing="normal"
                                  textDecoration="none"
                                  type="paragraph1"
                                >
                                  description
                                </p>
                              </Typographystyled>
                            </Typography>
                            <InternalLink
                              className=""
                              data-testid="product-detail__go-back"
                              href="/"
                              onClick={[Function]}
                              target="_blank"
                            >
                              <Component
                                href="/"
                                onClick={[Function]}
                                passHref={false}
                              >
                                <div
                                  href="/"
                                  onClick={[Function]}
                                  passHref={false}
                                >
                                  <a
                                    className=""
                                    data-testid="product-detail__go-back"
                                  >
                                    <FakeButton>
                                      <Fakebuttonstyled>
                                        <div
                                          className="Fakebuttonstyled-gl3kvr-0 dIYKni"
                                        >
                                          <Typography
                                            className="typography"
                                            color="tertiary"
                                            fontFamily="primary"
                                            fontStyle="normal"
                                            fontWeight="bold"
                                            letterSpacing="normal"
                                            lineHeight="normal"
                                            textDecoration="none"
                                            textTransform="none"
                                            type="paragraph1"
                                          >
                                            <Typographystyled
                                              as="p"
                                              className="typography"
                                              color="tertiary"
                                              fontFamily="primary"
                                              fontStyle="normal"
                                              fontWeight="bold"
                                              letterSpacing="normal"
                                              lineHeight="normal"
                                              textDecoration="none"
                                              textTransform="none"
                                              type="paragraph1"
                                            >
                                              <p
                                                className="Typographystyled-sc-1pbtdtz-0 kQqjtw typography"
                                                color="tertiary"
                                                fontFamily="primary"
                                                fontStyle="normal"
                                                fontWeight="bold"
                                                letterSpacing="normal"
                                                textDecoration="none"
                                                type="paragraph1"
                                              >
                                                Volver
                                              </p>
                                            </Typographystyled>
                                          </Typography>
                                        </div>
                                      </Fakebuttonstyled>
                                    </FakeButton>
                                  </a>
                                </div>
                              </Component>
                            </InternalLink>
                          </div>
                        </ProductDetailstyled>
                      </div>
                    </Colstyled>
                  </Col>
                </div>
              </Rowstyled>
            </Row>
          </div>
        </Containerstyled>
      </Container>
    </ProductDetail>
  </Component>
</WrapperComponent>
`;
